[00:36:44.688600] (system)	Session started.
[00:36:44.688600] (debug)	Module handle: 52BB0000

MoonLoader v.026.5-beta loaded.
Developers: FYP, hnnssy, EvgeN 1137

Copyright (c) 2016, BlastHack Team
http://blast.hk/moonloader/

[00:36:44.688600] (info)	Working directory: E:\GTASA\GTASA\moonloader
[00:36:44.688600] (debug)	FP Control: 0009001F
[00:36:44.688600] (debug)	Game: GTA SA 1.0.0.0 US
[00:36:44.688600] (system)	Installing pre-game hooks...
[00:36:44.689599] (system)	Hooks installed.
[00:36:52.907447] (debug)	Initializing opcode handler table
[00:36:52.907447] (debug)	package.path = E:\GTASA\GTASA\moonloader\lib\?.lua;E:\GTASA\GTASA\moonloader\lib\?\init.lua;E:\GTASA\GTASA\moonloader\?.lua;E:\GTASA\GTASA\moonloader\?\init.lua;.\?.lua;E:\GTASA\GTASA\moonloader\lib\?.luac;E:\GTASA\GTASA\moonloader\lib\?\init.luac;E:\GTASA\GTASA\moonloader\?.luac;E:\GTASA\GTASA\moonloader\?\init.luac;.\?.luac
[00:36:52.907447] (debug)	package.cpath = E:\GTASA\GTASA\moonloader\lib\?.dll;
[00:36:52.910438] (system)	Loading script 'E:\GTASA\GTASA\moonloader\SARemiv_LightMan.lua'...
[00:36:52.911437] (debug)	New script: 13549934
[00:36:52.914438] (system)	SARemix_Light_Manager: Loaded successfully.
[00:36:52.914438] (system)	Loading script 'E:\GTASA\GTASA\moonloader\SARemiv_VTK.lua'...
[00:36:52.914438] (debug)	New script: 13549ABC
[00:36:52.929529] (system)	SARemix_Vehicle_Toolkit: Loaded successfully.
[00:36:52.929529] (system)	Loading script 'E:\GTASA\GTASA\moonloader\SARemix_HBAO.lua'...
[00:36:52.929529] (debug)	New script: 13549C44
[00:36:52.931514] (system)	SARemix_HBAO: Loaded successfully.
[00:36:52.931514] (system)	Loading script 'E:\GTASA\GTASA\moonloader\SARemix_Sun.lua'...
[00:36:52.931514] (debug)	New script: 13549F54
[00:36:52.939563] (system)	SARemix_Real_Sun: Loaded successfully.
